pop	chromosome	window_pos_1	window_pos_2	avg_pi	no_sites	count_diffs	count_comparisons	count_missing
BFS	X	1	1000	0.0	9	0	5670	624330
KES	X	1	1000	0.0	9	0	5670	624330
BFS	X	1500	1530	0.0	4	0	2520	17010
KES	X	1500	1530	0.0	4	0	2520	17010
BFS	X	1540	5000	NA	0	0	0	2164680
KES	X	1540	5000	NA	0	0	0	2164680
BFS	1	200	1000	0.0	1	0	630	504000
KES	1	200	1000	0.0	1	0	630	504000
BFS	1	1500	1530	NA	0	0	0	19530
KES	1	1500	1530	NA	0	0	0	19530
BFS	1	3540	5000	NA	0	0	0	904680
KES	1	3540	5000	NA	0	0	0	904680
